{"items":2,"hashCode":"123456789","resources":[{"id":"1","name":"group 1","email":"g.1@mail.com","hashCode":"123456789"},{"id":"2","name":"group 2","email":"g.2@mail.com","hashCode":"987654321"}]}