{"lastSync":"2021-09-25T20:49:46+02:00","hashCode":"123456789","resources":{"groups":{},"users":{},"groupsUsers":{}}}